// Jest Snapshot v1, https://goo.gl/fbAQLP

exports[`<ApplicationLayout /> Should render and match the snapshot 1`] = `
<Fragment>
  <WithStyles(CssBaseline) />
  <ForwardRef(Fade)
    appear={true}
    in={true}
  >
    <Styled(MuiBox)
      display="flex"
      flexDirection="column"
      height="100%"
      minHeight="100%"
      minWidth="100%"
      overflow="hidden"
    />
  </ForwardRef(Fade)>
</Fragment>
`;
