// Jest Snapshot v1, https://goo.gl/fbAQLP

exports[`<ApplicationHeader /> should render and match the snapshot 1`] = `
<Fragment>
  <WithStyles(ForwardRef(AppBar))
    position="position"
  >
    <WithStyles(ForwardRef(Toolbar))>
      <WithStyles(ForwardRef(IconButton))
        aria-label="Open drawer"
        className=""
        edge="start"
        onClick={[Function]}
      >
        <MenuIcon />
      </WithStyles(ForwardRef(IconButton))>
      <Memo(Connect(WithStyles(Logo)))
        height="55px"
        withLink={true}
      />
      <div
        className=""
      >
        <Hidden
          xsDown={true}
        />
      </div>
      <div>
        <div>
          <Permission
            show={true}
          >
            <Hidden
              xsDown={true}
            >
              <WithStyles(ForwardRef(Link))
                component={
                  Object {
                    "$$typeof": Symbol(react.forward_ref),
                    "render": [Function],
                  }
                }
                to="/"
              >
                <WithStyles(ForwardRef(Button))
                  variant="outlined"
                >
                  <span>
                    <DvrIcon />
                    <Memo(Connect(DiverstFormattedMessage))
                      id="diverst.containers.App.header.dashboard"
                    />
                  </span>
                </WithStyles(ForwardRef(Button))>
              </WithStyles(ForwardRef(Link))>
            </Hidden>
          </Permission>
          <div>
            <WithStyles(ForwardRef(IconButton))
              aria-haspopup="true"
              onClick={[Function]}
            >
              <AccountCircleIcon />
            </WithStyles(ForwardRef(IconButton))>
          </div>
        </div>
      </div>
    </WithStyles(ForwardRef(Toolbar))>
  </WithStyles(ForwardRef(AppBar))>
  <WithStyles(ForwardRef(Menu))
    anchorEl={null}
    anchorOrigin={
      Object {
        "horizontal": "center",
        "vertical": "bottom",
      }
    }
    classes={
      Object {
        "paper": undefined,
      }
    }
    disableAutoFocusItem={true}
    elevation={0}
    getContentAnchorEl={null}
    id="userMenu"
    onClose={[Function]}
    open={false}
    transformOrigin={
      Object {
        "horizontal": "center",
        "vertical": "top",
      }
    }
  >
    <WithStyles(ForwardRef(MenuItem))
      component={
        Object {
          "$$typeof": Symbol(react.forward_ref),
          "render": [Function],
        }
      }
      to="/"
    >
      <WithStyles(ForwardRef(ListItemIcon))>
        <DvrIcon />
      </WithStyles(ForwardRef(ListItemIcon))>
      <Memo(Connect(DiverstFormattedMessage))
        id="diverst.containers.App.header.dashboard"
      />
    </WithStyles(ForwardRef(MenuItem))>
    <WithStyles(ForwardRef(MenuItem))
      component={
        Object {
          "$$typeof": Symbol(react.forward_ref),
          "render": [Function],
        }
      }
      to="/user/:user_id"
    >
      <WithStyles(ForwardRef(ListItemIcon))>
        <PermIdentityIcon />
      </WithStyles(ForwardRef(ListItemIcon))>
      <Memo(Connect(DiverstFormattedMessage))
        id="diverst.containers.App.header.profile"
      />
    </WithStyles(ForwardRef(MenuItem))>
    <WithStyles(ForwardRef(MenuItem))
      onClick={[Function]}
    >
      <WithStyles(ForwardRef(ListItemIcon))>
        <ExitToAppIcon />
      </WithStyles(ForwardRef(ListItemIcon))>
      <Memo(Connect(DiverstFormattedMessage))
        id="diverst.containers.App.header.logout"
      />
    </WithStyles(ForwardRef(MenuItem))>
  </WithStyles(ForwardRef(Menu))>
</Fragment>
`;
