// Jest Snapshot v1, https://goo.gl/fbAQLP

exports[`<HomePage /> Should render and match the snapshot 1`] = `
<Fragment>
  <WithStyles(ForwardRef(Grid))
    container={true}
    spacing={3}
  >
    <WithStyles(ForwardRef(Grid))
      item={true}
      xs={true}
    >
      <WithStyles(ForwardRef(Paper))>
        <WithStyles(ForwardRef(CardContent))>
          <WithStyles(ForwardRef(Typography))
            variant="h5"
          >
            <Memo(DiverstFormattedMessage)
              id="diverst.containers.HomePage.events"
            />
          </WithStyles(ForwardRef(Typography))>
          <Connect(Component)
            listComponent={[Function]}
            loaderProps={
              Object {
                "transitionProps": Object {
                  "direction": "right",
                },
              }
            }
            readonly={true}
          />
        </WithStyles(ForwardRef(CardContent))>
      </WithStyles(ForwardRef(Paper))>
    </WithStyles(ForwardRef(Grid))>
    <WithStyles(ForwardRef(Grid))
      item={true}
      xs={true}
    >
      <WithStyles(ForwardRef(Paper))>
        <WithStyles(ForwardRef(CardContent))>
          <WithStyles(ForwardRef(Typography))
            variant="h5"
          >
            <Memo(DiverstFormattedMessage)
              id="diverst.containers.HomePage.news"
            />
          </WithStyles(ForwardRef(Typography))>
          <Connect(Component)
            listComponent={
              Object {
                "$$typeof": Symbol(react.memo),
                "compare": null,
                "type": [Function],
              }
            }
            readonly={true}
          />
        </WithStyles(ForwardRef(CardContent))>
      </WithStyles(ForwardRef(Paper))>
    </WithStyles(ForwardRef(Grid))>
  </WithStyles(ForwardRef(Grid))>
  <WithStyles(ForwardRef(Grid))
    item={true}
    xs={true}
  >
    <Memo(Connect(InjectIntl(SponsorCard)))
      currentGroup={null}
      type="enterprise"
    />
  </WithStyles(ForwardRef(Grid))>
</Fragment>
`;
