// Jest Snapshot v1, https://goo.gl/fbAQLP

exports[`<HomePage /> Should render and match the snapshot 1`] = `
<Fragment>
  <WithStyles(ForwardRef(Grid))
    container={true}
    spacing={3}
  >
    <WithStyles(ForwardRef(Grid))
      item={true}
      xs={true}
    >
      <h1>
        <FormattedMessage
          id="diverst.containers.HomePage.events"
          values={Object {}}
        />
      </h1>
      <Connect(Component) />
    </WithStyles(ForwardRef(Grid))>
    <WithStyles(ForwardRef(Grid))
      item={true}
      xs="auto"
    >
      <WithStyles(ForwardRef(Divider))
        orientation="vertical"
      />
    </WithStyles(ForwardRef(Grid))>
    <WithStyles(ForwardRef(Grid))
      item={true}
      xs={true}
    >
      <h1>
        <FormattedMessage
          id="diverst.containers.HomePage.news"
          values={Object {}}
        />
      </h1>
      <Connect(Component) />
    </WithStyles(ForwardRef(Grid))>
  </WithStyles(ForwardRef(Grid))>
</Fragment>
`;
